-- ===================================================================
-- Configuring ARCH Framework
-- C++ Standard: C++20 Required
-- ===================================================================
-- [OPT] Found ccache: /usr/bin/ccache
-- [OPT] Build Type: Release
-- [OPT] LTO enabled for optimized configurations
-- [OPT] Using mold linker; combined C/C++ optimized LTO link passed
-- [CUDA] Compiled code images: 86
-- [DEP] cuDSS found: /home/shiroakane/ARCH/build/dependencies/cudss-cu12/nvidia/cu12/lib/libcudss.so.0
-- [OPT] CUDA compiler cache enabled: /usr/bin/ccache
-- [DEP] OpenMP enabled for target ARCH
-- [DEP] HDF5 C++ libraries linked successfully
-- [DEP] HighFive headers configured via FetchContent
-- [DEP] SuiteSparse KLU enabled for sparse reaction networks
-- ===================================================================
-- [SUCCESS] ARCH Framework build environment configured successfully!
-- [SUCCESS] Executable : /home/shiroakane/ARCH/build/selfgravity-p1-gpu/bin/ARCH
-- [SUCCESS] Data Output: /home/shiroakane/ARCH/output/
-- ===================================================================
-- Configuring done (6.4s)
-- Generating done (0.1s)
-- Build files have been written to: /home/shiroakane/ARCH/build/selfgravity-p1-gpu
